[32m00:44:29.26[0m | [1mINFO   [0m | [36mtask.manager       [0m | [1mTaskManager initialized: CPU capacity=300, async queue size=200, db=rwkv_tasks.db[0m
[rwkv7_fast_v3a] loading CUDA extensions v3a_ops + fast_ops + wkv=fp16
[rwkv7_fast_v3a] CUDA extensions loaded in 0.087s
[rwkv7_fast_v3a] loading weights from server/model/rwkv7-g1g-2.9b-20260526-ctx8192.pth
[rwkv7_fast_v3a] weights mmap loaded in 0.039s tensors=1062
[rwkv7_fast_v3a] detected model C=2560 H=40 N=64 V=65536
[rwkv7_fast_v3a] cmix no-fc path: rows<=19 row20_t<=5
[rwkv7_fast_v3a] moving and preprocessing weights to CUDA emb=cpu
[rwkv7_fast_v3a] model ready in 5.103s L=32 C=2560 H=40 N=64 V=65536
[rwkv7_fast_v3a] gpu_mem used=6.47GiB allocated=5.20GiB reserved=5.26GiB total=11.94GiB
[Pipeline] Initialized in 6.66 seconds. Model path: server/model/rwkv7-g1g-2.9b-20260526-ctx8192.pth
[32m00:44:36.28[0m | [1mINFO   [0m | [36mscheduler.dynamic  [0m | [1mInit scheduler.dynamic with max batch size 256[0m
[32m00:44:36.29[0m | [1mINFO   [0m | [36mscheduler.dynamic  [0m | [1mInit capacity = 1 (max=256)[0m
INFO:     fdbd:dc02:22:823::136:0 - "POST /v1/chat/completions HTTP/1.1" 200 OK
[32m00:44:46.46[0m | [1mINFO   [0m | [36mengine.infer       [0m | [1mPulse 20 steps in 0.59s[0m
[32m00:44:46.49[0m | [1mINFO   [0m | [36mscheduler.dynamic  [0m | [1mCollect finished in 0.03s[0m
